nohup: ignoring input
train_options.json: {'cycles': 3, 'epochs': 30, 'patience': 5, 'batch_size': 2048, 'lr': 0.001, 'aux_weight': 0.5, 'pos_weight': 'none', 'mwpm': False}
NOTE: no coupling_*.json and no keys.json — skipping coupling fetch (training doesn't need it; hardware/tests do).
model module: model.cnn_skeleton | device: cuda

======================================================================
>>> realistic/dp0.001_mf0.01_rf0.01_gd0.008_id0.002 | p=0.01 | X | cycles=3
    train (10000000, 6, 4, 5)  val (100000, 6, 4, 5)  -> cuda
Traceback (most recent call last):
  File "/home/seyoung/.anaconda/Heavyhex2/train.py", line 387, in <module>
    main()
  File "/home/seyoung/.anaconda/Heavyhex2/train.py", line 349, in main
    rows.append(train_one(ra, mod, noise, p, et, device))
                ^^^^^^^^^^^^^^^^^^^^^^^^^^^^^^^^^^^^^^^^
  File "/home/seyoung/.anaconda/Heavyhex2/train.py", line 264, in train_one
    loss.backward()
  File "/home/seyoung/miniconda3/envs/h2qec/lib/python3.12/site-packages/torch/_tensor.py", line 625, in backward
    torch.autograd.backward(
  File "/home/seyoung/miniconda3/envs/h2qec/lib/python3.12/site-packages/torch/autograd/__init__.py", line 354, in backward
    _engine_run_backward(
  File "/home/seyoung/miniconda3/envs/h2qec/lib/python3.12/site-packages/torch/autograd/graph.py", line 841, in _engine_run_backward
    return Variable._execution_engine.run_backward(  # Calls into the C++ engine to run the backward pass
           ^^^^^^^^^^^^^^^^^^^^^^^^^^^^^^^^^^^^^^^^^^^^^^^^^^^^^^^^^^^^^^^^^^^^^^^^^^^^^^^^^^^^^^^^^^^^^^
RuntimeError: CUDA error: CUBLAS_STATUS_ALLOC_FAILED when calling `cublasCreate(handle)`
